box            b 6 6
nodes          M 3 3
flags          F -8 -8
flag           F -8 -8
xmesh          x -1 -1
ymesh          y -1 -1
zmesh          z -1 -1
probe          p 16 16
vprobe         v 18 18
excitation     E -20 20
spaceonly      g 6 6
cylinder       c 9 9
rot_cyl        e 10 10
z_cyl          Z 9 9
sphere         S 7 7
block          B 13 13
track          T 9 9
pcb_track      T 9 9
resistor       r 12 12
inductor       l 12 12
filament       0 12 12
cht            H 12 12
wire           w 12 12
twire          W -1 -1
distorted      d 26 26
tube           t 13 13
varactor       V 12 12
diode          V 12 12
nchannel       1 14 14
pchannel       2 14 14
cmos           3 14 14
mode           m 1 1
boundary       a 24 24
plot           P 0 0
subgrid        G 6 6
snapshot       s 23 23
frequency_snapshot  f 27 27
cpfdtd         C 3 3
fourth         4 8 8
near-far       N 22 22
extprobe       n 3 3
n/f_observation_point n 3 3
semiconductor_region 5 6 6
silicon_block 6 11 11
radius         R 4 4
material_map  7 1 1
power          W 8 8
heat            h 10 10
heat_probe     8 10 10
heat_snapshot  9 13 13
heat_snap      9 13 13
no_mesh        i 20 20
no_block       j 27 27
end


